T2ADejaVuSerif DejaVuSerif "T2AAdobeEncoding ReEncodeFont" <T2ADejaVuSerif.enc <T2ADejaVuSerif.pfb
T2ADejaVuSerif-Bold DejaVuSerif-Bold "T2AAdobeEncoding ReEncodeFont" <T2ADejaVuSerif-Bold.enc <T2ADejaVuSerif-Bold.pfb
T2ADejaVuSerif-Italic DejaVuSerif-Italic "T2AAdobeEncoding ReEncodeFont" <T2ADejaVuSerif-Italic.enc <T2ADejaVuSerif-Italic.pfb
T2ADejaVuSerif-BoldItalic DejaVuSerif-BoldItalic "T2AAdobeEncoding ReEncodeFont" <T2ADejaVuSerif-BoldItalic.enc <T2ADejaVuSerif-BoldItalic.pfb
T1DejaVuSerif DejaVuSerif "T1Encoding ReEncodeFont" <T1DejaVuSerif.enc <T1DejaVuSerif.pfb
T1DejaVuSerif-Bold DejaVuSerif-Bold "T1Encoding ReEncodeFont" <T1DejaVuSerif-Bold.enc <T1DejaVuSerif-Bold.pfb
T1DejaVuSerif-Italic DejaVuSerif-Italic "T1Encoding ReEncodeFont" <T1DejaVuSerif-Italic.enc <T1DejaVuSerif-Italic.pfb
T1DejaVuSerif-BoldItalic DejaVuSerif-BoldItalic "T1Encoding ReEncodeFont" <T1DejaVuSerif-BoldItalic.enc <T1DejaVuSerif-BoldItalic.pfb
OT1DejaVuSerif DejaVuSerif "OT1Encoding ReEncodeFont" <OT1DejaVuSerif.enc <OT1DejaVuSerif.pfb
OT1DejaVuSerif-Bold DejaVuSerif-Bold "OT1Encoding ReEncodeFont" <OT1DejaVuSerif-Bold.enc <OT1DejaVuSerif-Bold.pfb
OT1DejaVuSerif-Italic DejaVuSerif-Italic "OT1Encoding ReEncodeFont" <OT1DejaVuSerif-Italic.enc <OT1DejaVuSerif-Italic.pfb
OT1DejaVuSerif-BoldItalic DejaVuSerif-BoldItalic "OT1Encoding ReEncodeFont" <OT1DejaVuSerif-BoldItalic.enc <OT1DejaVuSerif-BoldItalic.pfb
OMSDejaVuSerif DejaVuSerif "TeXMathSymbolEncoding ReEncodeFont" <OMSDejaVuSerif.enc <OMSDejaVuSerif.pfb
OMSDejaVuSerif-Bold DejaVuSerif-Bold "TeXMathSymbolEncoding ReEncodeFont" <OMSDejaVuSerif-Bold.enc <OMSDejaVuSerif-Bold.pfb
OMSDejaVuSerif-Italic DejaVuSerif-Italic "TeXMathSymbolEncoding ReEncodeFont" <OMSDejaVuSerif-Italic.enc <OMSDejaVuSerif-Italic.pfb
OMSDejaVuSerif-BoldItalic DejaVuSerif-BoldItalic "TeXMathSymbolEncoding ReEncodeFont" <OMSDejaVuSerif-BoldItalic.enc <OMSDejaVuSerif-BoldItalic.pfb
OMLDejaVuSerif DejaVuSerif "TeXMathItalicEncoding ReEncodeFont" <OMLDejaVuSerif.enc <OMLDejaVuSerif.pfb
OMLDejaVuSerif-Bold DejaVuSerif-Bold "TeXMathItalicEncoding ReEncodeFont" <OMLDejaVuSerif-Bold.enc <OMLDejaVuSerif-Bold.pfb
OMLDejaVuSerif-Italic DejaVuSerif-Italic "TeXMathItalicEncoding ReEncodeFont" <OMLDejaVuSerif-Italic.enc <OMLDejaVuSerif-Italic.pfb
OMLDejaVuSerif-BoldItalic DejaVuSerif-BoldItalic "TeXMathItalicEncoding ReEncodeFont" <OMLDejaVuSerif-BoldItalic.enc <OMLDejaVuSerif-BoldItalic.pfb
T2ADejaVuSans DejaVuSans "T2AAdobeEncoding ReEncodeFont" <T2ADejaVuSans.enc <T2ADejaVuSans.pfb
T2ADejaVuSans-Bold DejaVuSans-Bold "T2AAdobeEncoding ReEncodeFont" <T2ADejaVuSans-Bold.enc <T2ADejaVuSans-Bold.pfb
T2ADejaVuSans-Oblique DejaVuSans-Oblique "T2AAdobeEncoding ReEncodeFont" <T2ADejaVuSans-Oblique.enc <T2ADejaVuSans-Oblique.pfb
T2ADejaVuSans-BoldOblique DejaVuSans-BoldOblique "T2AAdobeEncoding ReEncodeFont" <T2ADejaVuSans-BoldOblique.enc <T2ADejaVuSans-BoldOblique.pfb
T1DejaVuSans DejaVuSans "T1Encoding ReEncodeFont" <T1DejaVuSans.enc <T1DejaVuSans.pfb
T1DejaVuSans-Bold DejaVuSans-Bold "T1Encoding ReEncodeFont" <T1DejaVuSans-Bold.enc <T1DejaVuSans-Bold.pfb
T1DejaVuSans-Oblique DejaVuSans-Oblique "T1Encoding ReEncodeFont" <T1DejaVuSans-Oblique.enc <T1DejaVuSans-Oblique.pfb
T1DejaVuSans-BoldOblique DejaVuSans-BoldOblique "T1Encoding ReEncodeFont" <T1DejaVuSans-BoldOblique.enc <T1DejaVuSans-BoldOblique.pfb
OT1DejaVuSans DejaVuSans "OT1Encoding ReEncodeFont" <OT1DejaVuSans.enc <OT1DejaVuSans.pfb
OT1DejaVuSans-Bold DejaVuSans-Bold "OT1Encoding ReEncodeFont" <OT1DejaVuSans-Bold.enc <OT1DejaVuSans-Bold.pfb
OT1DejaVuSans-Oblique DejaVuSans-Oblique "OT1Encoding ReEncodeFont" <OT1DejaVuSans-Oblique.enc <OT1DejaVuSans-Oblique.pfb
OT1DejaVuSans-BoldOblique DejaVuSans-BoldOblique "OT1Encoding ReEncodeFont" <OT1DejaVuSans-BoldOblique.enc <OT1DejaVuSans-BoldOblique.pfb
OMSDejaVuSans DejaVuSans "TeXMathSymbolEncoding ReEncodeFont" <OMSDejaVuSans.enc <OMSDejaVuSans.pfb
OMSDejaVuSans-Bold DejaVuSans-Bold "TeXMathSymbolEncoding ReEncodeFont" <OMSDejaVuSans-Bold.enc <OMSDejaVuSans-Bold.pfb
OMSDejaVuSans-Oblique DejaVuSans-Oblique "TeXMathSymbolEncoding ReEncodeFont" <OMSDejaVuSans-Oblique.enc <OMSDejaVuSans-Oblique.pfb
OMSDejaVuSans-BoldOblique DejaVuSans-BoldOblique "TeXMathSymbolEncoding ReEncodeFont" <OMSDejaVuSans-BoldOblique.enc <OMSDejaVuSans-BoldOblique.pfb
OMLDejaVuSans DejaVuSans "TeXMathItalicEncoding ReEncodeFont" <OMLDejaVuSans.enc <OMLDejaVuSans.pfb
OMLDejaVuSans-Bold DejaVuSans-Bold "TeXMathItalicEncoding ReEncodeFont" <OMLDejaVuSans-Bold.enc <OMLDejaVuSans-Bold.pfb
OMLDejaVuSans-Oblique DejaVuSans-Oblique "TeXMathItalicEncoding ReEncodeFont" <OMLDejaVuSans-Oblique.enc <OMLDejaVuSans-Oblique.pfb
OMLDejaVuSans-BoldOblique DejaVuSans-BoldOblique "TeXMathItalicEncoding ReEncodeFont" <OMLDejaVuSans-BoldOblique.enc <OMLDejaVuSans-BoldOblique.pfb
T2ADejaVuSansMono DejaVuSansMono "T2AAdobeEncoding ReEncodeFont" <T2ADejaVuSansMono.enc <T2ADejaVuSansMono.pfb
T2ADejaVuSansMono-Bold DejaVuSansMono-Bold "T2AAdobeEncoding ReEncodeFont" <T2ADejaVuSansMono-Bold.enc <T2ADejaVuSansMono-Bold.pfb
T2ADejaVuSansMono-Oblique DejaVuSansMono-Oblique "T2AAdobeEncoding ReEncodeFont" <T2ADejaVuSansMono-Oblique.enc <T2ADejaVuSansMono-Oblique.pfb
T2ADejaVuSansMono-BoldOblique DejaVuSansMono-BoldOblique "T2AAdobeEncoding ReEncodeFont" <T2ADejaVuSansMono-BoldOblique.enc <T2ADejaVuSansMono-BoldOblique.pfb
T1DejaVuSansMono DejaVuSansMono "T1Encoding ReEncodeFont" <T1DejaVuSansMono.enc <T1DejaVuSansMono.pfb
T1DejaVuSansMono-Bold DejaVuSansMono-Bold "T1Encoding ReEncodeFont" <T1DejaVuSansMono-Bold.enc <T1DejaVuSansMono-Bold.pfb
T1DejaVuSansMono-Oblique DejaVuSansMono-Oblique "T1Encoding ReEncodeFont" <T1DejaVuSansMono-Oblique.enc <T1DejaVuSansMono-Oblique.pfb
T1DejaVuSansMono-BoldOblique DejaVuSansMono-BoldOblique "T1Encoding ReEncodeFont" <T1DejaVuSansMono-BoldOblique.enc <T1DejaVuSansMono-BoldOblique.pfb
OT1DejaVuSansMono DejaVuSansMono "OT1Encoding ReEncodeFont" <OT1DejaVuSansMono.enc <OT1DejaVuSansMono.pfb
OT1DejaVuSansMono-Bold DejaVuSansMono-Bold "OT1Encoding ReEncodeFont" <OT1DejaVuSansMono-Bold.enc <OT1DejaVuSansMono-Bold.pfb
OT1DejaVuSansMono-Oblique DejaVuSansMono-Oblique "OT1Encoding ReEncodeFont" <OT1DejaVuSansMono-Oblique.enc <OT1DejaVuSansMono-Oblique.pfb
OT1DejaVuSansMono-BoldOblique DejaVuSansMono-BoldOblique "OT1Encoding ReEncodeFont" <OT1DejaVuSansMono-BoldOblique.enc <OT1DejaVuSansMono-BoldOblique.pfb
OMSDejaVuSansMono DejaVuSansMono "TeXMathSymbolEncoding ReEncodeFont" <OMSDejaVuSansMono.enc <OMSDejaVuSansMono.pfb
OMSDejaVuSansMono-Bold DejaVuSansMono-Bold "TeXMathSymbolEncoding ReEncodeFont" <OMSDejaVuSansMono-Bold.enc <OMSDejaVuSansMono-Bold.pfb
OMSDejaVuSansMono-Oblique DejaVuSansMono-Oblique "TeXMathSymbolEncoding ReEncodeFont" <OMSDejaVuSansMono-Oblique.enc <OMSDejaVuSansMono-Oblique.pfb
OMSDejaVuSansMono-BoldOblique DejaVuSansMono-BoldOblique "TeXMathSymbolEncoding ReEncodeFont" <OMSDejaVuSansMono-BoldOblique.enc <OMSDejaVuSansMono-BoldOblique.pfb
OMLDejaVuSansMono DejaVuSansMono "TeXMathItalicEncoding ReEncodeFont" <OMLDejaVuSansMono.enc <OMLDejaVuSansMono.pfb
OMLDejaVuSansMono-Bold DejaVuSansMono-Bold "TeXMathItalicEncoding ReEncodeFont" <OMLDejaVuSansMono-Bold.enc <OMLDejaVuSansMono-Bold.pfb
OMLDejaVuSansMono-Oblique DejaVuSansMono-Oblique "TeXMathItalicEncoding ReEncodeFont" <OMLDejaVuSansMono-Oblique.enc <OMLDejaVuSansMono-Oblique.pfb
OMLDejaVuSansMono-BoldOblique DejaVuSansMono-BoldOblique "TeXMathItalicEncoding ReEncodeFont" <OMLDejaVuSansMono-BoldOblique.enc <OMLDejaVuSansMono-BoldOblique.pfb
S1DejaVuSans DejaVuSans "DejaVuSans-Enc ReEncodeFont" <S1DejaVuSans.enc <S1DejaVuSans.pfb
S2DejaVuSans DejaVuSans "DejaVuSans-Enc ReEncodeFont" <S2DejaVuSans.enc <S2DejaVuSans.pfb
S3DejaVuSans DejaVuSans "DejaVuSans-Enc ReEncodeFont" <S3DejaVuSans.enc <S3DejaVuSans.pfb
S4DejaVuSans DejaVuSans "DejaVuSans-Enc ReEncodeFont" <S4DejaVuSans.enc <S4DejaVuSans.pfb
